[www.maman-corp.com/index.html]
[www.maman-corp.com/apple-touch-icon.png]
[www.maman-corp.com/favicon-16x16.png]
[www.maman-corp.com/favicon-32x32.png]
[www.maman-corp.com/manifest.json]
[www.maman-corp.com/safari-pinned-tab.svg]
[backblue.gif]
[fade.gif]
[index.html]
[www.maman-corp.com/assets/js/lib/modernizr-custom.min.js]
[www.maman-corp.com/assets/css/main.css]
[www.maman-corp.com/solutions.html]
[www.maman-corp.com/process.html]
[www.maman-corp.com/project/index.html]
[www.maman-corp.com/about.html]
[www.maman-corp.com/contact.html]
[www.maman-corp.com/assets/video/home-landing.mp4]
[www.maman-corp.com/assets/video/home-1.mp4]
[www.maman-corp.com/assets/video/home-2.mp4]
[www.maman-corp.com/assets/video/home-3.mp4]
[www.maman-corp.com/assets/video/home-4.mp4]
[www.maman-corp.com/assets/video/home-5.mp4]
[www.maman-corp.com/assets/video/home-6.mp4]
[www.maman-corp.com/assets/video/home-7.mp4]
[www.maman-corp.com/project/water-u.html]
[www.maman-corp.com/project/schneider-schaumburg.html]
[www.maman-corp.com/project/schneider-houston.html]
[www.maman-corp.com/project/ecolab-lobby.html]
[www.maman-corp.com/project/customer-experience-center.html]
[www.maman-corp.com/terms-and-conditions.html]
[code.jquery.com/jquery-3.1.1.min.js]
[www.maman-corp.com/assets/js/lib/jquery-3.1.1.min.js]
[www.maman-corp.com/index.html]
[www.maman-corp.com/safari-pinned-tab.svg]
[www.maman-corp.com/assets/js/scripts.js]
[www.maman-corp.com/assets/fonts/gt-walsheim-bold.woff]
[www.maman-corp.com/assets/fonts/gt-walsheim-medium.woff]
[www.maman-corp.com/assets/fonts/roboto-medium.woff]
[www.maman-corp.com/assets/fonts/roboto-regular.woff]
[www.maman-corp.com/assets/fonts/montserrat-bold.woff]
[www.maman-corp.com/assets/img/home-landing.jpg]
[www.maman-corp.com/assets/img/home-landing-landscape.jpg]
[www.maman-corp.com/assets/img/home-screen-2-step-2.jpg]
[www.maman-corp.com/assets/img/home-screen-3-step-2.jpg]
[www.maman-corp.com/assets/img/home-screen-4-step-2.jpg]
[www.maman-corp.com/assets/img/home-screen-7-step-2.jpg]
[www.maman-corp.com/assets/img/contact-header.jpg]
[www.maman-corp.com/assets/img/contact-jobs.jpg]
[www.maman-corp.com/assets/img/solutions-service.jpg]
[www.maman-corp.com/assets/img/solutions-price-3.jpg]
[www.maman-corp.com/assets/img/terms.jpg]
[www.maman-corp.com/assets/css/main.css]
[www.maman-corp.com/assets/img/solutions-header.jpg]
[www.maman-corp.com/assets/img/solutions-price-1.jpg]
[www.maman-corp.com/assets/img/solutions-price-2.jpg]
[www.maman-corp.com/assets/img/solutions-sector-industry.jpg]
[www.maman-corp.com/assets/img/solutions-sector-new-construction.jpg]
[www.maman-corp.com/assets/img/solutions-sector-renovation.jpg]
[www.maman-corp.com/assets/img/solutions-sector-start-up.jpg]
[www.maman-corp.com/assets/img/solutions-sector-tenant-improvements.jpg]
[www.maman-corp.com/solutions.html]
[www.maman-corp.com/assets/img/process-step-1.jpg]
[www.maman-corp.com/assets/img/process-step-2.jpg]
[www.maman-corp.com/assets/img/process-step-3.jpg]
[www.maman-corp.com/assets/img/process-step-4.jpg]
[www.maman-corp.com/assets/img/process-step-5.jpg]
[www.maman-corp.com/assets/img/process-step-6.jpg]
[www.maman-corp.com/process.html]
[www.maman-corp.com/admin/wp-content/uploads/2018/05/IMG_2677.jpg]
[www.maman-corp.com/admin/wp-content/uploads/2018/05/IMG_2680.jpg]
[www.maman-corp.com/admin/wp-content/uploads/2018/05/IMG_2684.jpg]
[www.maman-corp.com/admin/wp-content/uploads/2018/05/35116_1.jpg]
[www.maman-corp.com/admin/wp-content/uploads/2018/05/35116_3.jpg]
[www.maman-corp.com/admin/wp-content/uploads/2018/05/35116_5.jpg]
[www.maman-corp.com/admin/wp-content/uploads/2018/05/35116_7.jpg]
[www.maman-corp.com/admin/wp-content/uploads/2018/05/35116_9.jpg]
[www.maman-corp.com/admin/wp-content/uploads/2018/05/35116_11.jpg]
[www.maman-corp.com/admin/wp-content/uploads/2018/05/35116_13.jpg]
[www.maman-corp.com/admin/wp-content/uploads/2018/05/35116_15.jpg]
[www.maman-corp.com/admin/wp-content/uploads/2018/05/image-4-done.jpg]
[www.maman-corp.com/admin/wp-content/uploads/2018/05/image-6-done.jpg]
[www.maman-corp.com/admin/wp-content/uploads/2018/05/image-7-done.jpg]
[www.maman-corp.com/admin/wp-content/uploads/2018/05/image-13.jpg]
[www.maman-corp.com/admin/wp-content/uploads/2018/05/image-23-done.jpg]
[www.maman-corp.com/admin/wp-content/uploads/2018/05/image-26-done.jpg]
[www.maman-corp.com/admin/wp-content/uploads/2018/05/image-27-done.jpg]
[www.maman-corp.com/admin/wp-content/uploads/2018/05/millermiller-MM1_8569-nalco-ecolab-naperville-050916.jpg]
[www.maman-corp.com/admin/wp-content/uploads/2018/05/millermiller-MM1_8591-nalco-ecolab-naperville-050916.jpg]
[www.maman-corp.com/admin/wp-content/uploads/2018/05/millermiller-MM1_8595-nalco-ecolab-naperville-050916.jpg]
[www.maman-corp.com/admin/wp-content/uploads/2018/05/millermiller-MM1_8602-nalco-ecolab-naperville-050916.jpg]
[www.maman-corp.com/admin/wp-content/uploads/2018/05/millermiller-MM1_8606-nalco-ecolab-naperville-050916.jpg]
[www.maman-corp.com/admin/wp-content/uploads/2018/05/millermiller-MM1_8611-nalco-ecolab-naperville-050916.jpg]
[www.maman-corp.com/admin/wp-content/uploads/2018/05/millermiller-MM1_8655-nalco-ecolab-naperville-050916.jpg]
[www.maman-corp.com/admin/wp-content/uploads/2018/05/millermiller-MM1_8661-nalco-ecolab-naperville-050916.jpg]
[www.maman-corp.com/admin/wp-content/uploads/2018/05/millermiller-MM1_8683-nalco-ecolab-naperville-050916.jpg]
[www.maman-corp.com/admin/wp-content/uploads/2018/05/millermiller-MM1_8688-nalco-ecolab-naperville-050916.jpg]
[www.maman-corp.com/admin/wp-content/uploads/2018/05/millermiller-MM1_8703-nalco-ecolab-naperville-050916.jpg]
[www.maman-corp.com/admin/wp-content/uploads/2018/05/millermiller-MM1_8707-nalco-ecolab-naperville-050916.jpg]
[www.maman-corp.com/admin/wp-content/uploads/2018/05/millermiller-MM1_8718-nalco-ecolab-naperville-050916.jpg]
[www.maman-corp.com/admin/wp-content/uploads/2018/05/millermiller-MM1_8721-nalco-ecolab-naperville-050916.jpg]
[www.maman-corp.com/admin/wp-content/uploads/2018/05/millermiller-MM1_8799-nalco-ecolab-naperville-050916.jpg]
[www.maman-corp.com/admin/wp-content/uploads/2018/05/millermiller-MM1_8873-nalco-ecolab-naperville-050916.jpg]
[www.maman-corp.com/admin/wp-content/uploads/2018/05/millermiller-MM1_8899-nalco-ecolab-naperville-050916.jpg]
[www.maman-corp.com/admin/wp-content/uploads/2018/05/millermiller-MM1_8937-nalco-ecolab-naperville-050916.jpg]
[www.maman-corp.com/admin/wp-content/uploads/2018/05/millermiller-MM1_8987-nalco-ecolab-naperville-050916.jpg]
[www.maman-corp.com/admin/wp-content/uploads/2018/05/millermiller-MM1_9011-nalco-ecolab-naperville-050916.jpg]
[www.maman-corp.com/admin/wp-content/uploads/2018/05/millermiller-MM1_9021-nalco-ecolab-naperville-050916.jpg]
[www.maman-corp.com/admin/wp-content/uploads/2018/05/millermiller-MM1_9031-nalco-ecolab-naperville-050916.jpg]
[www.maman-corp.com/admin/wp-content/uploads/2018/05/millermiller-MM1_9033-nalco-ecolab-naperville-050916.jpg]
[www.maman-corp.com/admin/wp-content/uploads/2018/05/millermiller-MM1_9052-nalco-ecolab-naperville-050916.jpg]
[www.maman-corp.com/admin/wp-content/uploads/2018/05/millermiller-MM1_9063-nalco-ecolab-naperville-050916.jpg]
[www.maman-corp.com/admin/wp-content/uploads/2018/05/millermiller-MM1_9065-nalco-ecolab-naperville-050916.jpg]
[www.maman-corp.com/admin/wp-content/uploads/2018/05/millermiller-MM1_9071-nalco-ecolab-naperville-050916.jpg]
[www.maman-corp.com/admin/wp-content/uploads/2018/05/millermiller-MM1_9079-nalco-ecolab-naperville-050916.jpg]
[www.maman-corp.com/admin/wp-content/uploads/2018/05/millermiller-MM1_9087-nalco-ecolab-naperville-050916.jpg]
[www.maman-corp.com/admin/wp-content/uploads/2018/05/millermiller-MM1_9093-nalco-ecolab-naperville-050916.jpg]
[www.maman-corp.com/admin/wp-content/uploads/2018/05/millermiller-MM1_9095-nalco-ecolab-naperville-050916.jpg]
[www.maman-corp.com/admin/wp-content/uploads/2018/05/millermiller-MM1_9104-nalco-ecolab-naperville-050916.jpg]
[www.maman-corp.com/admin/wp-content/uploads/2018/05/millermiller-MM1_9107-nalco-ecolab-naperville-050916.jpg]
[www.maman-corp.com/admin/wp-content/uploads/2018/05/millermiller-MM1_9115-nalco-ecolab-naperville-050916.jpg]
[www.maman-corp.com/admin/wp-content/uploads/2018/05/millermiller-MM1_9126-nalco-ecolab-naperville-050916.jpg]
[www.maman-corp.com/admin/wp-content/uploads/2018/05/millermiller-MM1_9131-nalco-ecolab-naperville-050916.jpg]
[www.maman-corp.com/admin/wp-content/uploads/2018/05/millermiller-MM1_9137-nalco-ecolab-naperville-050916.jpg]
[www.maman-corp.com/admin/wp-content/uploads/2018/05/millermiller-MM1_9148-nalco-ecolab-naperville-050916.jpg]
[www.maman-corp.com/admin/wp-content/uploads/2018/05/millermiller-MM1_9166-nalco-ecolab-naperville-050916.jpg]
[www.maman-corp.com/admin/wp-content/uploads/2018/05/IMG_0144.jpg]
[www.maman-corp.com/admin/wp-content/uploads/2018/05/IMG_0165.jpg]
[www.maman-corp.com/admin/wp-content/uploads/2018/05/IMG_0180.jpg]
[www.maman-corp.com/admin/wp-content/uploads/2018/05/IMG_0195.jpg]
[www.maman-corp.com/admin/wp-content/uploads/2018/05/IMG_0214.jpg]
[www.maman-corp.com/admin/wp-content/uploads/2018/05/IMG_0215.jpg]
[www.maman-corp.com/admin/wp-content/uploads/2018/05/IMG_0229.jpg]
[www.maman-corp.com/project/index.html]
[www.maman-corp.com/assets/img/about-header.jpg]
[www.maman-corp.com/assets/img/about-body.jpg]
[www.maman-corp.com/about.html]
[www.maman-corp.com/cdn-cgi/l/email-protection.html]
[www.maman-corp.com/contact.html]
[www.maman-corp.com/project/water-u.html]
[www.maman-corp.com/project/schneider-schaumburg.html]
[www.maman-corp.com/project/schneider-houston.html]
[www.maman-corp.com/project/ecolab-lobby.html]
[www.maman-corp.com/project/customer-experience-center.html]
[www.maman-corp.com/terms-and-conditions.html]
[www.maman-corp.com/assets/fonts/gt-walsheim-bold.html]
[www.maman-corp.com/assets/fonts/gt-walsheim-medium.html]
[www.maman-corp.com/assets/fonts/roboto-medium.html]
[www.maman-corp.com/assets/fonts/roboto-regular.html]
[www.maman-corp.com/assets/fonts/montserrat-bold.html]
[www.maman-corp.com/cdn-cgi/l/email-protection.html]
[www.maman-corp.com/cdn-cgi/scripts/5c5dd728/cloudflare-static/email-decode.min.js]
